
#ABS.C
#ATOI.C
#ATOIB.C
#AVAIL.C
#BDOS.MAC
#CALL1.MAC
#CALL2.MAC
#CALL3.MAC
#CALL4.MAC
#CALL5.MAC
#CALLOC.C
#CPMDISK.MAC
#CPMIO.MAC
#CSEEK.C
#CTELL.C
#CTELLC.C
#DELAY.MAC
#DOLDDR.MAC
#DOLDIR.MAC
#DTOI.C
#EXIT.MAC
#FFLUSH.C
#FGETC.MAC
#FGETS.MAC
#FILELIB.MAC
#FPRINTF.C
#FPUTC.MAC
#FPUTS.MAC
#FREAD.C
#FREBUF.C
#FREE.C
#FREEIO.MAC
#FSCANF.C
#FWRITE.C
#GETCHAR.C
#GETS.MAC
#GRABIO.MAC
#GRABUF.C
#INP.MAC
#ISALNUM.C
#ISALPHA.C
#ISASCII.C
#ISATTY.C
#ISCNTRL.C
#ISDIGIT.C
#ISGRAPH.C
#ISLOWER.C
#ISPRINT.C
#ISPUNCT.C
#ISSPACE.C
#ISUPPER.C
#ISXDIGIT.C
#ITOA.C
#ITOAB.C
#ITOD.C
#ITOO.C
#ITOU.C
#ITOX.C
#LEFT.C
#LEXCMP.C
#LIBID.C
#MALLOC.C
#MAX.C
#MIN.C
#OTOI.C
#OUTP.MAC
#PAD.C
#POLL.C
#PRNTF.C
#PUTCHAR.C
#PUTLIST.MAC
#PUTS.C
#READ.C
#RENAME.C
#REVERSE.C
#REWIND.C
#SIGN.C
#STRCAT.C
#STRCHR.C
#STRCMP.C
#STRCPY.C
#STRLEN.C
#STRNCAT.C
#STRNCMP.C
#STRNCPY.C
#STRRCHR.C
#TOASCII.C
#TOLOWER.C
#TOPOFMEM.MAC
#TOUPPER.C
#UALLOC.C
#ULINK.MAC
#UNGETC.C
#UNLINK.MAC
#UTOI.C
#WRITE.C
#XTOI.C
#ZZBUF.MAC
#ZZFIO.MAC

